User@DESKTOP-GOBQCFG MINGW64 ~
$ cd Desktop/

User@DESKTOP-GOBQCFG MINGW64 ~/Desktop
$ mkdir SI_2023_lab1_183199

User@DESKTOP-GOBQCFG MINGW64 ~/Desktop
$ cd SI_2023_lab1_183199/

User@DESKTOP-GOBQCFG MINGW64 ~/Desktop/SI_2023_lab1_183199
$ git init
Initialized empty Git repository in C:/Users/User/Desktop/SI_2023_lab1_183199/.git/

User@DESKTOP-GOBQCFG MINGW64 ~/Desktop/SI_2023_lab1_183199 (master)
$ ^C

User@DESKTOP-GOBQCFG MINGW64 ~/Desktop/SI_2023_lab1_183199 (master)
$ git remote add origin https://github.com/Bojana-Draganovska/SI_2023_lab1_183199.git

User@DESKTOP-GOBQCFG MINGW64 ~/Desktop/SI_2023_lab1_183199 (master)
$ git add README.md
fatal: pathspec 'README.md' did not match any files

User@DESKTOP-GOBQCFG MINGW64 ~/Desktop/SI_2023_lab1_183199 (master)
$ code .

User@DESKTOP-GOBQCFG MINGW64 ~/Desktop/SI_2023_lab1_183199 (master)
$ git add README.md

User@DESKTOP-GOBQCFG MINGW64 ~/Desktop/SI_2023_lab1_183199 (master)
$ git commit -m "Initial commit"
[master (root-commit) 70cda60] Initial commit
 1 file changed, 1 insertion(+)
 create mode 100644 README.md

User@DESKTOP-GOBQCFG MINGW64 ~/Desktop/SI_2023_lab1_183199 (master)
$ git add .

User@DESKTOP-GOBQCFG MINGW64 ~/Desktop/SI_2023_lab1_183199 (master)
$ git commit -m "Add java class"
[master e4cddd7] Add java class
 1 file changed, 41 insertions(+)
 create mode 100644 SILab1.java

User@DESKTOP-GOBQCFG MINGW64 ~/Desktop/SI_2023_lab1_183199 (master)
$ git push
fatal: The current branch master has no upstream branch.
To push the current branch and set the remote as upstream, use

    git push --set-upstream origin master

To have this happen automatically for branches without a tracking
upstream, see 'push.autoSetupRemote' in 'git help config'.


User@DESKTOP-GOBQCFG MINGW64 ~/Desktop/SI_2023_lab1_183199 (master)
$ git push --set-upstream origin master
Enumerating objects: 6, done.
Counting objects: 100% (6/6), done.
Delta compression using up to 16 threads
Compressing objects: 100% (4/4), done.
Writing objects: 100% (6/6), 844 bytes | 844.00 KiB/s, done.
Total 6 (delta 0), reused 0 (delta 0), pack-reused 0
To https://github.com/Bojana-Draganovska/SI_2023_lab1_183199.git
 * [new branch]      master -> master
branch 'master' set up to track 'origin/master'.

User@DESKTOP-GOBQCFG MINGW64 ~/Desktop/SI_2023_lab1_183199 (master)
$ ^C

User@DESKTOP-GOBQCFG MINGW64 ~/Desktop/SI_2023_lab1_183199 (master)
$ git status
On branch master
Your branch is up to date with 'origin/master'.

nothing to commit, working tree clean

User@DESKTOP-GOBQCFG MINGW64 ~/Desktop/SI_2023_lab1_183199 (master)
$ git checkout -b bug1
Switched to a new branch 'bug1'

User@DESKTOP-GOBQCFG MINGW64 ~/Desktop/SI_2023_lab1_183199 (bug1)
$ git status
On branch bug1
nothing to commit, working tree clean

User@DESKTOP-GOBQCFG MINGW64 ~/Desktop/SI_2023_lab1_183199 (bug1)
$ git add .

User@DESKTOP-GOBQCFG MINGW64 ~/Desktop/SI_2023_lab1_183199 (bug1)
$ git commit -m "Fix wrong loop for reading"
[bug1 0c29e65] Fix wrong loop for reading
 1 file changed, 1 insertion(+), 1 deletion(-)

User@DESKTOP-GOBQCFG MINGW64 ~/Desktop/SI_2023_lab1_183199 (bug1)
$ git checkout master
Switched to branch 'master'
Your branch is up to date with 'origin/master'.

User@DESKTOP-GOBQCFG MINGW64 ~/Desktop/SI_2023_lab1_183199 (master)
$ git status
On branch master
Your branch is up to date with 'origin/master'.

nothing to commit, working tree clean

User@DESKTOP-GOBQCFG MINGW64 ~/Desktop/SI_2023_lab1_183199 (master)
$ git checkout -b bug2
Switched to a new branch 'bug2'

User@DESKTOP-GOBQCFG MINGW64 ~/Desktop/SI_2023_lab1_183199 (bug2)
$ git add .

User@DESKTOP-GOBQCFG MINGW64 ~/Desktop/SI_2023_lab1_183199 (bug2)
$ git commit -m "Fix wrong condition in filterOddNumbers"
[bug2 e56ec4e] Fix wrong condition in filterOddNumbers
 1 file changed, 1 insertion(+), 1 deletion(-)

User@DESKTOP-GOBQCFG MINGW64 ~/Desktop/SI_2023_lab1_183199 (bug2)
$ git checkout master
Switched to branch 'master'
Your branch is up to date with 'origin/master'.

User@DESKTOP-GOBQCFG MINGW64 ~/Desktop/SI_2023_lab1_183199 (master)
$ git checkout -b bug3
Switched to a new branch 'bug3'

User@DESKTOP-GOBQCFG MINGW64 ~/Desktop/SI_2023_lab1_183199 (bug3)
$ git add .

User@DESKTOP-GOBQCFG MINGW64 ~/Desktop/SI_2023_lab1_183199 (bug3)
$ git commit -m "Fix method sumEvenNumbers"
[bug3 5ec28d2] Fix method sumEvenNumbers
 1 file changed, 1 insertion(+), 1 deletion(-)

User@DESKTOP-GOBQCFG MINGW64 ~/Desktop/SI_2023_lab1_183199 (bug3)
$ ^C

User@DESKTOP-GOBQCFG MINGW64 ~/Desktop/SI_2023_lab1_183199 (bug3)
$ git status
On branch bug3
nothing to commit, working tree clean

User@DESKTOP-GOBQCFG MINGW64 ~/Desktop/SI_2023_lab1_183199 (bug3)
$ git push --all
Enumerating objects: 11, done.
Counting objects: 100% (11/11), done.
Delta compression using up to 16 threads
Compressing objects: 100% (9/9), done.
Writing objects: 100% (9/9), 823 bytes | 823.00 KiB/s, done.
Total 9 (delta 5), reused 0 (delta 0), pack-reused 0
remote: Resolving deltas: 100% (5/5), completed wit      1 [sig] bash 1389! sigpacket::process: Suppressing signal 18 to win32 process (pid 17656)
To https://github.com/Bojana-Draganovska/SI_2023_lab1_183199.git                                                                                   842997 [sig] bash 1389! sigpacket::process: Suppressing signal 18 to win32 process (pid 17656)g1
 * [new branch]      bug2 -> bu1276989 [sig] bash 1389! sigpacket::process: Suppressing signal 18 to win32 process (pid 17656)
 * [new branch]      bug3 -> bug3                                                                                             1715023 [sig] bash 1389! sigpacket::process: Suppressing signal 18 to win32 process (pid 17656)
User@DESKTO2048012 [sig] bash 1389! sigpacket::process: Suppressing signal 18 to win32 process (pid 17656)
$ git checkout master                                                                                     2406275 [sig] bash 1389! sigpacket::process: Suppressing signal 18 to win32 process (pid 17656)
Switched to branch 'master'                                                                                                                                                                              2688609 [sig] bash 1389! sigpacket::process: Suppressing signal 18 to win32 process (pid 17656)
                                                                                      2938241 [sig] bash 1389! sigpacket::process: Suppressing signal 18 to win32 process (pid 17656)
User@DESKTOP-GOBQCFG MINGW64 ~/Desktop/SI_2023_lab1_183199 (master)                                                                                                                  3170412 [sig] bash 1389! sigpacket::process: Suppressing signal 18 to win32 process (pid 17656)
                                                                  3387722 [sig] bash 1389! sigpacket::process: Suppressing signal 18 to win32 process (pid 17656)
User@DESKTOP-GOBQCFG MINGW64 ~/Desktop/SI_2023_lab1_183199 (master)                                                                                              3572620 [sig] bash 1389! sigpacket::process: Suppressing signal 18 to win32 process (pid 17656)
Updating e4cddd7..0c29e65                     4447068 [sig] bash 1389! sigpacket::process: Suppressing signal 18 to win32 process (pid 17656)
Fast-forward                                                                                                                                 4709911 [sig] bash 1389! sigpacket::process: Suppressing signal 18 to win32 process (pid 17656)
 1 file changed, 1 inserti4914633 [sig] bash 1389! sigpacket::process: Suppressing signal 18 to win32 process (pid 17656)
                                                                                                                         5143931 [sig] bash 1389! sigpacket::process: Suppressing signal 18 to win32 process (pid 17656)ESKTOP-GOBQCFG MINGW64 ~/Desktop/SI_2023_lab1_183199 (master)
$ git 5663387 [sig] bash 1389! sigpacket::process: Suppressing signal 18 to win32 process (pid 17656)
Total 0 (delta 0), reused 0 (delta 0), pack-reused 0                                                 6037468 [sig] bash 1389! sigpacket::process: Suppressing signal 18 to win32 process (pid 17656)
To https://github.com/Bojana-Draganovska/SI_2023_lab1_183199.git                                                                                                                                    6629449 [sig] bash 1389! sigpacket::process: Suppressing signal 18 to win32 process (pid 17656)
                                                                                 7516010 [sig] bash 1389! sigpacket::process: Suppressing signal 18 to win32 process (pid 17656)
User@DESKTOP-GOBQCFG MINGW64 ~/Desktop/SI_2023_lab1_183199 (master)                                                                                                             7886553 [sig] bash 1389! sigpacket::process: Suppressing signal 18 to win32 process (pid 17656)
Auto-merging SILab1.java                                     8199447 [sig] bash 1389! sigpacket::process: Suppressing signal 18 to win32 process (pid 17656)
hint: Waiting for your editor to close the file...                                                                                                          8437330 [sig] bash 1389! sigpacket::process: Suppressing signal 18 to win32 process (pid 17656)
                                         8848431 [sig] bash 1389! sigpacket::process: Suppressing signal 18 to win32 process (pid 17656)
                                                                                                                                        9149563 [sig] bash 1389! sigpacket::process: Suppressing signal 18 to win32 process (pid 17656)
                     10517337 [sig] bash 1389! sigpacket::process: Suppressing signal 18 to win32 process (pid 17656)
                                                                                                                     11002143 [sig] bash 1389! sigpacket::process: Suppressing signal 18 to win32 process (pid 17656)
Merge made by the 'ort' strategy.
 SILab1.java | 2 +-
 1 file changed, 1 insertion(+), 1 deletion(-)

User@DESKTOP-GOBQCFG MINGW64 ~/Desktop/SI_2023_lab1_183199 (master)
$ git push --all
Enumerating objects: 7, done.
Counting objects: 100% (7/7), done.
Delta compression using up to 16 threads
Compressing objects: 100% (3/3), done.
Writing objects: 100% (3/3), 363 bytes | 363.00 KiB/s, done.
Total 3 (delta 1), reused 0 (delta 0), pack-reused 0
remote: Resolving deltas: 100% (1/1), completed with 1 local object.
To https://github.com/Bojana-Draganovska/SI_2023_lab1_183199.git
   0c29e65..6423c43  master -> master

User@DESKTOP-GOBQCFG MINGW64 ~/Desktop/SI_2023_lab1_183199 (master)
$ git checkout bug3
Switched to branch 'bug3'

User@DESKTOP-GOBQCFG MINGW64 ~/Desktop/SI_2023_lab1_183199 (bug3)
$ ^C

User@DESKTOP-GOBQCFG MINGW64 ~/Desktop/SI_2023_lab1_183199 (bug3)
$ git rebase master
Successfully rebased and updated refs/heads/bug3.

User@DESKTOP-GOBQCFG MINGW64 ~/Desktop/SI_2023_lab1_183199 (bug3)
$ git checkout master
Switched to branch 'master'
Your branch is up to date with 'origin/master'.

User@DESKTOP-GOBQCFG MINGW64 ~/Desktop/SI_2023_lab1_183199 (master)
$ git merge bug3
Updating 6423c43..f6c638e
Fast-forward
 SILab1.java | 2 +-
 1 file changed, 1 insertion(+), 1 deletion(-)

User@DESKTOP-GOBQCFG MINGW64 ~/Desktop/SI_2023_lab1_183199 (master)
$ git push --all
Enumerating objects: 5, done.
Counting objects: 100% (5/5), done.
Delta compression using up to 16 threads
Compressing objects: 100% (3/3), done.
Writing objects: 100% (3/3), 344 bytes | 344.00 KiB/s, done.
Total 3 (delta 1), reused 0 (delta 0), pack-reused 0
remote: Resolving deltas: 100% (1/1), completed with 1 local object.
To https://github.com/Bojana-Draganovska/SI_2023_lab1_183199.git
   6423c43..f6c638e  master -> master
 ! [rejected]        bug3 -> bug3 (non-fast-forward)
error: failed to push some refs to 'https://github.com/Bojana-Draganovska/SI_2023_lab1_183199.git'
hint: Updates were rejected because a pushed branch tip is behind its remote
hint: counterpart. Check out this branch and integrate the remote changes
hint: (e.g. 'git pull ...') before pushing again.
hint: See the 'Note about fast-forwards' in 'git push --help' for details.

User@DESKTOP-GOBQCFG MINGW64 ~/Desktop/SI_2023_lab1_183199 (master)
$ git push --all --force
Total 0 (delta 0), reused 0 (delta 0), pack-reused 0
To https://github.com/Bojana-Draganovska/SI_2023_lab1_183199.git
 + 5ec28d2...f6c638e bug3 -> bug3 (forced update)

User@DESKTOP-GOBQCFG MINGW64 ~/Desktop/SI_2023_lab1_183199 (master)
$ ^C

User@DESKTOP-GOBQCFG MINGW64 ~/Desktop/SI_2023_lab1_183199 (master)
$
